[9248:259:0313/145537.950323:ERROR:chrome_browser_main.cc(1143)] The use of Rosetta to run the x64 version of Chromium on Arm is neither tested nor maintained, and unexpected behavior will likely result. Please check that all tools that spawn Chromium are Arm-native.
[9248:259:0313/145541.029407:INFO:chrome_browser_cloud_management_controller.cc(196)] No machine level policy manager exists.
[9255:259:0313/145541.242504:WARNING:viz_main_impl.cc(85)] VizNullHypothesis is disabled (not a warning)
[9248:259:0313/145546.221461:INFO:CONSOLE(158)] "Event handler of 'x-storagemutated-1' event must be added on the initial evaluation of worker script.", source: https://static.whatsapp.net/rsrc.php/v4/yZ/r/K_7j-nOdedx.js (158)
[9248:259:0313/150019.055615:INFO:CONSOLE(158)] "Event handler of 'x-storagemutated-1' event must be added on the initial evaluation of worker script.", source: https://static.whatsapp.net/rsrc.php/v4/yj/r/ePpuqyhMw3i.js (158)
[9255:21763:0313/150048.893063:WARNING:angle_platform_impl.cc(54)] SizedMRUCache.h:150 (TrimCache): Overflowed the metal library cache limit of 64 elements, removing the least recently used to make room.
[9248:259:0313/150138.093231:INFO:CONSOLE(264)] "Uncaught (in promise) DbOnLogoutAbortError: dropping db read operation due to logout", source: https://static.whatsapp.net/rsrc.php/v4/ya/r/AiQnYbdNg93.js (264)
[9248:259:0313/150149.491343:INFO:CONSOLE(264)] "Uncaught (in promise) DbOnLogoutAbortError: dropping db read operation due to logout", source: https://static.whatsapp.net/rsrc.php/v4/ya/r/AiQnYbdNg93.js (264)
[9248:259:0313/150149.503111:INFO:CONSOLE(264)] "Uncaught (in promise) DbOnLogoutAbortError: dropping db read operation due to logout", source: https://static.whatsapp.net/rsrc.php/v4/ya/r/AiQnYbdNg93.js (264)
[9248:259:0313/150158.127389:INFO:CONSOLE(264)] "Uncaught (in promise) DbOnLogoutAbortError: dropping db read operation due to logout", source: https://static.whatsapp.net/rsrc.php/v4/ya/r/AiQnYbdNg93.js (264)
[9248:259:0313/150158.533113:INFO:CONSOLE(0)] "Uncaught (in promise) DbOnLogoutAbortError: dropping db read operation due to logout", source: https://web.whatsapp.com/ (0)
[9248:259:0313/150200.276774:INFO:CONSOLE(0)] "Uncaught (in promise) DbOnLogoutAbortError: dropping db read operation due to logout", source: https://web.whatsapp.com/ (0)
[9248:259:0313/150200.868571:INFO:CONSOLE(264)] "Uncaught (in promise) DbOnLogoutAbortError: dropping db write operation due to logout", source: https://static.whatsapp.net/rsrc.php/v4/ya/r/AiQnYbdNg93.js (264)
[9248:259:0313/150201.158142:INFO:CONSOLE(264)] "Uncaught (in promise) DbOnLogoutAbortError: dropping db read operation due to logout", source: https://static.whatsapp.net/rsrc.php/v4/ya/r/AiQnYbdNg93.js (264)
[9248:259:0313/150203.718912:INFO:CONSOLE(0)] "Uncaught (in promise) DbOnLogoutAbortError: dropping db write operation due to logout", source: https://web.whatsapp.com/ (0)
[9248:259:0313/150204.790149:INFO:CONSOLE(89)] "Uncaught (in promise) NotInitializedError", source: https://static.whatsapp.net/rsrc.php/v4/ya/r/yu_0kIh5tYB.js (89)
[9248:259:0313/150205.097518:INFO:CONSOLE(0)] "Uncaught (in promise) LogoutDrop: adding to store when blocking store adds", source: https://web.whatsapp.com/ (0)
[9248:259:0313/150206.307893:INFO:CONSOLE(0)] "Uncaught (in promise) DbOnLogoutAbortError: dropping db write operation due to logout", source: https://web.whatsapp.com/ (0)
[9248:259:0313/150206.323539:INFO:CONSOLE(89)] "Uncaught (in promise) NotInitializedError", source: https://static.whatsapp.net/rsrc.php/v4/ya/r/yu_0kIh5tYB.js (89)
[9248:259:0313/150206.327962:INFO:CONSOLE(65)] "Uncaught (in promise) Invariant Violation: Minified invariant #56324; %s", source: https://static.whatsapp.net/rsrc.php/v4/ya/r/AiQnYbdNg93.js (65)
[9248:259:0313/150206.346521:INFO:CONSOLE(264)] "Uncaught (in promise) DbOnLogoutAbortError: dropping db read operation due to logout", source: https://static.whatsapp.net/rsrc.php/v4/ya/r/AiQnYbdNg93.js (264)
[9248:259:0313/150206.346623:INFO:CONSOLE(0)] "Uncaught (in promise) DbOnLogoutAbortError: dropping db read operation due to logout", source: https://web.whatsapp.com/ (0)
[9248:259:0313/150206.346707:INFO:CONSOLE(264)] "Uncaught (in promise) NotInitializedError", source: https://static.whatsapp.net/rsrc.php/v4/ya/r/AiQnYbdNg93.js (264)
[9248:259:0313/150206.347480:INFO:CONSOLE(71)] "Uncaught (in promise) Error: [comms] sendIq called before startComms", source: https://static.whatsapp.net/rsrc.php/v4/ya/r/AiQnYbdNg93.js (71)
[9248:259:0313/150206.362263:INFO:CONSOLE(264)] "Uncaught (in promise) DbOnLogoutAbortError: dropping db write operation due to logout", source: https://static.whatsapp.net/rsrc.php/v4/ya/r/AiQnYbdNg93.js (264)
[9248:259:0313/150206.362484:INFO:CONSOLE(264)] "Uncaught (in promise) DbOnLogoutAbortError: dropping db read operation due to logout", source: https://static.whatsapp.net/rsrc.php/v4/ya/r/AiQnYbdNg93.js (264)
[9248:259:0313/150206.362569:INFO:CONSOLE(264)] "Uncaught (in promise) DbOnLogoutAbortError: dropping db read operation due to logout", source: https://static.whatsapp.net/rsrc.php/v4/ya/r/AiQnYbdNg93.js (264)
[9248:259:0313/150206.362644:INFO:CONSOLE(264)] "Uncaught (in promise) DbOnLogoutAbortError: dropping db read operation due to logout", source: https://static.whatsapp.net/rsrc.php/v4/ya/r/AiQnYbdNg93.js (264)
[9248:259:0313/150206.362703:INFO:CONSOLE(264)] "Uncaught (in promise) DbOnLogoutAbortError: dropping db read operation due to logout", source: https://static.whatsapp.net/rsrc.php/v4/ya/r/AiQnYbdNg93.js (264)
[9248:259:0313/150206.362789:INFO:CONSOLE(264)] "Uncaught (in promise) DbOnLogoutAbortError: dropping db read operation due to logout", source: https://static.whatsapp.net/rsrc.php/v4/ya/r/AiQnYbdNg93.js (264)
[9248:259:0313/150206.362861:INFO:CONSOLE(264)] "Uncaught (in promise) DbOnLogoutAbortError: dropping db read operation due to logout", source: https://static.whatsapp.net/rsrc.php/v4/ya/r/AiQnYbdNg93.js (264)
[9248:259:0313/150206.362917:INFO:CONSOLE(264)] "Uncaught (in promise) DbOnLogoutAbortError: dropping db read operation due to logout", source: https://static.whatsapp.net/rsrc.php/v4/ya/r/AiQnYbdNg93.js (264)
[9248:259:0313/150206.362987:INFO:CONSOLE(264)] "Uncaught (in promise) DbOnLogoutAbortError: dropping db read operation due to logout", source: https://static.whatsapp.net/rsrc.php/v4/ya/r/AiQnYbdNg93.js (264)
[9248:259:0313/150206.363292:INFO:CONSOLE(264)] "Uncaught (in promise) DbOnLogoutAbortError: dropping db read operation due to logout", source: https://static.whatsapp.net/rsrc.php/v4/ya/r/AiQnYbdNg93.js (264)
[9248:259:0313/150206.883768:INFO:CONSOLE(89)] "Uncaught (in promise) NotInitializedError", source: https://static.whatsapp.net/rsrc.php/v4/ya/r/yu_0kIh5tYB.js (89)
[9248:259:0313/150209.514809:INFO:CONSOLE(89)] "Uncaught (in promise) NotInitializedError", source: https://static.whatsapp.net/rsrc.php/v4/ya/r/yu_0kIh5tYB.js (89)
